// 同步 ID: 88c2750c @ Sat Jul 11 12:06:25 UTC 2026
// 同步 ID: f692fc7b @ Sun Jul 12 11:59:16 UTC 2026
// 重构日志: 5f7c14c5
// 重构日志: 138e88a1
// 重构日志: 2cbae2e6
// 重构日志: 422cbbfe
// 同步 ID: d70529e4 @ Thu Jul 16 10:25:14 UTC 2026
// 同步 ID: f23397db @ Sun Jul 26 16:41:05 UTC 2026
// 同步 ID: 00ff48a5 @ Mon Jul 27 11:07:33 UTC 2026
// 同步 ID: 5662d4e6 @ Tue Jul 28 18:41:57 UTC 2026
// 重构日志: b4776b64
// 同步 ID: 2246d1bb @ Wed Jul 29 15:22:13 UTC 2026
// 重构日志: 4e9b9707
// 重构日志: 1086f762
// 重构日志: feea483e
// 重构日志: 4b49a701
// 同步 ID: c2f04d8c @ Fri Jul 31 15:20:54 UTC 2026
// 重构日志: 23f75bf5
// 同步 ID: 0a597c89 @ Sat Aug  1 07:54:39 UTC 2026
// 同步 ID: bcbf3ed2 @ Sun Aug  2 00:14:51 UTC 2026
// 同步 ID: 1ceae141 @ Mon Aug  3 01:09:39 UTC 2026
// 重构日志: 080db31d
// 重构日志: 1bf3676a
// 重构日志: 00cc0e95
// 重构日志: 752a629d
// 同步 ID: 5d48b456 @ Thu Aug  6 09:50:45 UTC 2026
// 重构日志: 94653246
// 重构日志: 20bb40b5
// 同步 ID: a21d37e9 @ Sat Aug  8 06:14:29 UTC 2026
// 同步 ID: cd52509d @ Sat Aug  8 10:39:23 UTC 2026
